// Vitest Snapshot v1, https://vitest.dev/guide/snapshot.html

exports[`DashboardComponent > matches snapshot when user omarcisse is logged in 1`] = `
<DocumentFragment>
  <div
    class="_dashboard-component_18586d"
  >
    <div
      class="MuiTabs-root css-jhczcq-MuiTabs-root"
    >
      <div
        class="MuiTabs-scroller MuiTabs-fixed css-s2t35c-MuiTabs-scroller"
        style="overflow: hidden; margin-bottom: 0px;"
      >
        <div
          class="MuiTabs-list MuiTabs-flexContainer css-hzcega-MuiTabs-list"
          role="tablist"
        >
          <button
            aria-selected="true"
            class="MuiButtonBase-root MuiTab-root MuiTab-textColorPrimary Mui-selected css-1usuzwp-MuiButtonBase-root-MuiTab-root"
            role="tab"
            tabindex="0"
            type="button"
          >
            Pending
          </button>
          <button
            aria-selected="false"
            class="MuiButtonBase-root MuiTab-root MuiTab-textColorPrimary css-1usuzwp-MuiButtonBase-root-MuiTab-root"
            role="tab"
            tabindex="-1"
            type="button"
          >
            Completed
          </button>
        </div>
        <span
          class="MuiTabs-indicator css-1qltlow-MuiTabs-indicator"
          style="left: 0px; width: 0px;"
        />
      </div>
    </div>
    <div
      aria-labelledby="simple-tab-0"
      id="simple-tabpanel-0"
      role="tabpanel"
    >
      <div
        class="MuiBox-root css-0"
      >
        <div
          class="_poll-list_18586d"
        >
          <div
            class="MuiPaper-root MuiPaper-elevation MuiPaper-rounded MuiPaper-elevation1 MuiCard-root _poll-details-component_863fb2 css-1j74uew-MuiPaper-root-MuiCard-root"
            style="--Paper-shadow: 0px 2px 1px -1px rgba(0,0,0,0.2),0px 1px 1px 0px rgba(0,0,0,0.14),0px 1px 3px 0px rgba(0,0,0,0.12);"
          >
            <button
              class="MuiButtonBase-root MuiCardActionArea-root css-coyn9m-MuiButtonBase-root-MuiCardActionArea-root"
              tabindex="0"
              type="button"
            >
              <div
                class="MuiCardHeader-root css-149tc0y-MuiCardHeader-root"
              >
                <div
                  class="MuiCardHeader-avatar css-1r9wl67-MuiCardHeader-avatar"
                >
                  <div
                    aria-label="Sarah Edo"
                    class="MuiAvatar-root MuiAvatar-circular MuiAvatar-colorDefault _poll-details-avatar-letter_863fb2 css-18k2bs-MuiAvatar-root"
                  >
                    S
                  </div>
                </div>
                <div
                  class="MuiCardHeader-content css-1jkp9bu-MuiCardHeader-content"
                >
                  <span
                    class="MuiTypography-root MuiTypography-body2 MuiCardHeader-title css-7ctihp-MuiTypography-root"
                  >
                    Conduct a release retrospective 1 week after a release
                  </span>
                  <span
                    class="MuiTypography-root MuiTypography-body2 MuiCardHeader-subheader css-1a1whku-MuiTypography-root"
                  >
                    Asked On 03/03/2017
                  </span>
                </div>
              </div>
              <span
                class="MuiCardActionArea-focusHighlight css-1h5un5t-MuiCardActionArea-focusHighlight"
              />
            </button>
          </div>
          <div
            class="MuiPaper-root MuiPaper-elevation MuiPaper-rounded MuiPaper-elevation1 MuiCard-root _poll-details-component_863fb2 css-1j74uew-MuiPaper-root-MuiCard-root"
            style="--Paper-shadow: 0px 2px 1px -1px rgba(0,0,0,0.2),0px 1px 1px 0px rgba(0,0,0,0.14),0px 1px 3px 0px rgba(0,0,0,0.12);"
          >
            <button
              class="MuiButtonBase-root MuiCardActionArea-root css-coyn9m-MuiButtonBase-root-MuiCardActionArea-root"
              tabindex="0"
              type="button"
            >
              <div
                class="MuiCardHeader-root css-149tc0y-MuiCardHeader-root"
              >
                <div
                  class="MuiCardHeader-avatar css-1r9wl67-MuiCardHeader-avatar"
                >
                  <div
                    aria-label="Tyler McGinnis"
                    class="MuiAvatar-root MuiAvatar-circular MuiAvatar-colorDefault _poll-details-avatar-letter_863fb2 css-18k2bs-MuiAvatar-root"
                  >
                    T
                  </div>
                </div>
                <div
                  class="MuiCardHeader-content css-1jkp9bu-MuiCardHeader-content"
                >
                  <span
                    class="MuiTypography-root MuiTypography-body2 MuiCardHeader-title css-7ctihp-MuiTypography-root"
                  >
                    Have code reviews conducted by peers
                  </span>
                  <span
                    class="MuiTypography-root MuiTypography-body2 MuiCardHeader-subheader css-1a1whku-MuiTypography-root"
                  >
                    Asked On 24/12/2016
                  </span>
                </div>
              </div>
              <span
                class="MuiCardActionArea-focusHighlight css-1h5un5t-MuiCardActionArea-focusHighlight"
              />
            </button>
          </div>
          <div
            class="MuiPaper-root MuiPaper-elevation MuiPaper-rounded MuiPaper-elevation1 MuiCard-root _poll-details-component_863fb2 css-1j74uew-MuiPaper-root-MuiCard-root"
            style="--Paper-shadow: 0px 2px 1px -1px rgba(0,0,0,0.2),0px 1px 1px 0px rgba(0,0,0,0.14),0px 1px 3px 0px rgba(0,0,0,0.12);"
          >
            <button
              class="MuiButtonBase-root MuiCardActionArea-root css-coyn9m-MuiButtonBase-root-MuiCardActionArea-root"
              tabindex="0"
              type="button"
            >
              <div
                class="MuiCardHeader-root css-149tc0y-MuiCardHeader-root"
              >
                <div
                  class="MuiCardHeader-avatar css-1r9wl67-MuiCardHeader-avatar"
                >
                  <div
                    aria-label="Sarah Edo"
                    class="MuiAvatar-root MuiAvatar-circular MuiAvatar-colorDefault _poll-details-avatar-letter_863fb2 css-18k2bs-MuiAvatar-root"
                  >
                    S
                  </div>
                </div>
                <div
                  class="MuiCardHeader-content css-1jkp9bu-MuiCardHeader-content"
                >
                  <span
                    class="MuiTypography-root MuiTypography-body2 MuiCardHeader-title css-7ctihp-MuiTypography-root"
                  >
                    Build our new application with Javascript
                  </span>
                  <span
                    class="MuiTypography-root MuiTypography-body2 MuiCardHeader-subheader css-1a1whku-MuiTypography-root"
                  >
                    Asked On 29/06/2016
                  </span>
                </div>
              </div>
              <span
                class="MuiCardActionArea-focusHighlight css-1h5un5t-MuiCardActionArea-focusHighlight"
              />
            </button>
          </div>
        </div>
      </div>
    </div>
    <div
      aria-labelledby="simple-tab-1"
      hidden=""
      id="simple-tabpanel-1"
      role="tabpanel"
    />
  </div>
</DocumentFragment>
`;
